// Jest Snapshot v1, https://goo.gl/fbAQLP

exports[`handle-io/internal/utils stringify JSON.stringify with padding 2 1`] = `
"{
  \\"a\\": true,
  \\"b\\": true,
  \\"c\\": [
    \\"d\\",
    \\"e\\",
    \\"f\\"
  ]
}"
`;
